// Vitest Snapshot v1, https://vitest.dev/guide/snapshot.html

exports[`Footer Snapshot Tests > matches the snapshot 1`] = `
<footer
  class="border-t border-purple-500/20 mt-8 backdrop-blur-sm bg-slate-900/50"
>
  <div
    class="container mx-auto px-4 py-6"
  >
    <div
      class="flex flex-col md:flex-row items-center justify-between gap-4"
    >
      <div
        class="flex items-center gap-2"
      >
        <svg
          class="lucide lucide-coins w-4 h-4 text-purple-400"
          fill="none"
          height="24"
          stroke="currentColor"
          stroke-linecap="round"
          stroke-linejoin="round"
          stroke-width="2"
          viewBox="0 0 24 24"
          width="24"
          xmlns="http://www.w3.org/2000/svg"
        >
          <circle
            cx="8"
            cy="8"
            r="6"
          />
          <path
            d="M18.09 10.37A6 6 0 1 1 10.34 18"
          />
          <path
            d="M7 6h1v4"
          />
          <path
            d="m16.71 13.88.7.71-2.82 2.82"
          />
        </svg>
        <span
          class="text-white text-sm font-medium"
        >
          CryptoFaucet Hub
        </span>
      </div>
      <p
        class="text-purple-300 text-xs"
      >
        © 2026 CryptoFaucet Hub. All rights reserved.
      </p>
      <div
        class="flex gap-4 text-sm"
      >
        <a
          class="text-purple-300 hover:text-white transition-colors"
          href="#"
        >
          Terms
        </a>
        <a
          class="text-purple-300 hover:text-white transition-colors"
          href="#"
        >
          Privacy
        </a>
        <a
          class="text-purple-300 hover:text-white transition-colors"
          href="#"
        >
          Contact
        </a>
      </div>
    </div>
  </div>
</footer>
`;
