// Vitest Snapshot v1, https://vitest.dev/guide/snapshot.html

exports[`StatsBar Snapshot Tests > matches snapshot with all data (Spanish) 1`] = `
<div
  class="grid grid-cols-2 md:grid-cols-4 gap-3 mb-6"
>
  <div
    class="bg-gradient-to-r from-yellow-500/20 to-orange-500/20 border border-yellow-500/30 rounded-xl p-4 backdrop-blur-sm"
  >
    <div
      class="flex items-center gap-3"
    >
      <div
        class="w-10 h-10 bg-yellow-500/20 rounded-lg flex items-center justify-center"
      >
        <span
          class="text-yellow-400"
        >
          <svg
            class="lucide lucide-wallet w-5 h-5"
            fill="none"
            height="24"
            stroke="currentColor"
            stroke-linecap="round"
            stroke-linejoin="round"
            stroke-width="2"
            viewBox="0 0 24 24"
            width="24"
            xmlns="http://www.w3.org/2000/svg"
          >
            <path
              d="M19 7V4a1 1 0 0 0-1-1H5a2 2 0 0 0 0 4h15a1 1 0 0 1 1 1v4h-3a2 2 0 0 0 0 4h3a1 1 0 0 0 1-1v-2a1 1 0 0 0-1-1"
            />
            <path
              d="M3 5v14a2 2 0 0 0 2 2h15a1 1 0 0 0 1-1v-4"
            />
          </svg>
        </span>
      </div>
      <div>
        <p
          class="text-purple-300 text-xs"
        >
          Total Reclamado
        </p>
        <p
          class="text-lg font-bold text-white"
        >
          0.00023045 BTC
        </p>
      </div>
    </div>
  </div>
  <div
    class="bg-gradient-to-r from-green-500/20 to-emerald-500/20 border border-green-500/30 rounded-xl p-4 backdrop-blur-sm"
  >
    <div
      class="flex items-center gap-3"
    >
      <div
        class="w-10 h-10 bg-green-500/20 rounded-lg flex items-center justify-center"
      >
        <span
          class="text-green-400"
        >
          <svg
            class="lucide lucide-activity w-5 h-5"
            fill="none"
            height="24"
            stroke="currentColor"
            stroke-linecap="round"
            stroke-linejoin="round"
            stroke-width="2"
            viewBox="0 0 24 24"
            width="24"
            xmlns="http://www.w3.org/2000/svg"
          >
            <path
              d="M22 12h-2.48a2 2 0 0 0-1.93 1.46l-2.35 8.36a.25.25 0 0 1-.48 0L9.24 2.18a.25.25 0 0 0-.48 0l-2.35 8.36A2 2 0 0 1 4.49 12H2"
            />
          </svg>
        </span>
      </div>
      <div>
        <p
          class="text-purple-300 text-xs"
        >
          Claims Hoy
        </p>
        <p
          class="text-lg font-bold text-white"
        >
          2
        </p>
      </div>
    </div>
  </div>
  <div
    class="bg-gradient-to-r from-purple-500/20 to-pink-500/20 border border-purple-500/30 rounded-xl p-4 backdrop-blur-sm"
  >
    <div
      class="flex items-center gap-3"
    >
      <div
        class="w-10 h-10 bg-purple-500/20 rounded-lg flex items-center justify-center"
      >
        <span
          class="text-purple-400"
        >
          <svg
            class="lucide lucide-zap w-5 h-5"
            fill="none"
            height="24"
            stroke="currentColor"
            stroke-linecap="round"
            stroke-linejoin="round"
            stroke-width="2"
            viewBox="0 0 24 24"
            width="24"
            xmlns="http://www.w3.org/2000/svg"
          >
            <path
              d="M4 14a1 1 0 0 1-.78-1.63l9.9-10.2a.5.5 0 0 1 .86.46l-1.92 6.02A1 1 0 0 0 13 10h7a1 1 0 0 1 .78 1.63l-9.9 10.2a.5.5 0 0 1-.86-.46l1.92-6.02A1 1 0 0 0 11 14z"
            />
          </svg>
        </span>
      </div>
      <div>
        <p
          class="text-purple-300 text-xs"
        >
          Faucets Activos
        </p>
        <p
          class="text-lg font-bold text-white"
        >
          2
        </p>
      </div>
    </div>
  </div>
  <div
    class="bg-gradient-to-r from-blue-500/20 to-cyan-500/20 border border-blue-500/30 rounded-xl p-4 backdrop-blur-sm"
  >
    <div
      class="flex items-center gap-3"
    >
      <div
        class="w-10 h-10 bg-blue-500/20 rounded-lg flex items-center justify-center"
      >
        <span
          class="text-blue-400"
        >
          <svg
            class="lucide lucide-trending-up w-5 h-5"
            fill="none"
            height="24"
            stroke="currentColor"
            stroke-linecap="round"
            stroke-linejoin="round"
            stroke-width="2"
            viewBox="0 0 24 24"
            width="24"
            xmlns="http://www.w3.org/2000/svg"
          >
            <polyline
              points="22 7 13.5 15.5 8.5 10.5 2 17"
            />
            <polyline
              points="16 7 22 7 22 13"
            />
          </svg>
        </span>
      </div>
      <div>
        <p
          class="text-purple-300 text-xs"
        >
          Monedas
        </p>
        <p
          class="text-lg font-bold text-white"
        >
          6
        </p>
      </div>
    </div>
  </div>
</div>
`;

exports[`StatsBar Snapshot Tests > matches snapshot with all faucets available 1`] = `
<div
  class="grid grid-cols-2 md:grid-cols-4 gap-3 mb-6"
>
  <div
    class="bg-gradient-to-r from-yellow-500/20 to-orange-500/20 border border-yellow-500/30 rounded-xl p-4 backdrop-blur-sm"
  >
    <div
      class="flex items-center gap-3"
    >
      <div
        class="w-10 h-10 bg-yellow-500/20 rounded-lg flex items-center justify-center"
      >
        <span
          class="text-yellow-400"
        >
          <svg
            class="lucide lucide-wallet w-5 h-5"
            fill="none"
            height="24"
            stroke="currentColor"
            stroke-linecap="round"
            stroke-linejoin="round"
            stroke-width="2"
            viewBox="0 0 24 24"
            width="24"
            xmlns="http://www.w3.org/2000/svg"
          >
            <path
              d="M19 7V4a1 1 0 0 0-1-1H5a2 2 0 0 0 0 4h15a1 1 0 0 1 1 1v4h-3a2 2 0 0 0 0 4h3a1 1 0 0 0 1-1v-2a1 1 0 0 0-1-1"
            />
            <path
              d="M3 5v14a2 2 0 0 0 2 2h15a1 1 0 0 0 1-1v-4"
            />
          </svg>
        </span>
      </div>
      <div>
        <p
          class="text-purple-300 text-xs"
        >
          Total Reclamado
        </p>
        <p
          class="text-lg font-bold text-white"
        >
          0.00023045 BTC
        </p>
      </div>
    </div>
  </div>
  <div
    class="bg-gradient-to-r from-green-500/20 to-emerald-500/20 border border-green-500/30 rounded-xl p-4 backdrop-blur-sm"
  >
    <div
      class="flex items-center gap-3"
    >
      <div
        class="w-10 h-10 bg-green-500/20 rounded-lg flex items-center justify-center"
      >
        <span
          class="text-green-400"
        >
          <svg
            class="lucide lucide-activity w-5 h-5"
            fill="none"
            height="24"
            stroke="currentColor"
            stroke-linecap="round"
            stroke-linejoin="round"
            stroke-width="2"
            viewBox="0 0 24 24"
            width="24"
            xmlns="http://www.w3.org/2000/svg"
          >
            <path
              d="M22 12h-2.48a2 2 0 0 0-1.93 1.46l-2.35 8.36a.25.25 0 0 1-.48 0L9.24 2.18a.25.25 0 0 0-.48 0l-2.35 8.36A2 2 0 0 1 4.49 12H2"
            />
          </svg>
        </span>
      </div>
      <div>
        <p
          class="text-purple-300 text-xs"
        >
          Claims Hoy
        </p>
        <p
          class="text-lg font-bold text-white"
        >
          2
        </p>
      </div>
    </div>
  </div>
  <div
    class="bg-gradient-to-r from-purple-500/20 to-pink-500/20 border border-purple-500/30 rounded-xl p-4 backdrop-blur-sm"
  >
    <div
      class="flex items-center gap-3"
    >
      <div
        class="w-10 h-10 bg-purple-500/20 rounded-lg flex items-center justify-center"
      >
        <span
          class="text-purple-400"
        >
          <svg
            class="lucide lucide-zap w-5 h-5"
            fill="none"
            height="24"
            stroke="currentColor"
            stroke-linecap="round"
            stroke-linejoin="round"
            stroke-width="2"
            viewBox="0 0 24 24"
            width="24"
            xmlns="http://www.w3.org/2000/svg"
          >
            <path
              d="M4 14a1 1 0 0 1-.78-1.63l9.9-10.2a.5.5 0 0 1 .86.46l-1.92 6.02A1 1 0 0 0 13 10h7a1 1 0 0 1 .78 1.63l-9.9 10.2a.5.5 0 0 1-.86-.46l1.92-6.02A1 1 0 0 0 11 14z"
            />
          </svg>
        </span>
      </div>
      <div>
        <p
          class="text-purple-300 text-xs"
        >
          Faucets Activos
        </p>
        <p
          class="text-lg font-bold text-white"
        >
          3
        </p>
      </div>
    </div>
  </div>
  <div
    class="bg-gradient-to-r from-blue-500/20 to-cyan-500/20 border border-blue-500/30 rounded-xl p-4 backdrop-blur-sm"
  >
    <div
      class="flex items-center gap-3"
    >
      <div
        class="w-10 h-10 bg-blue-500/20 rounded-lg flex items-center justify-center"
      >
        <span
          class="text-blue-400"
        >
          <svg
            class="lucide lucide-trending-up w-5 h-5"
            fill="none"
            height="24"
            stroke="currentColor"
            stroke-linecap="round"
            stroke-linejoin="round"
            stroke-width="2"
            viewBox="0 0 24 24"
            width="24"
            xmlns="http://www.w3.org/2000/svg"
          >
            <polyline
              points="22 7 13.5 15.5 8.5 10.5 2 17"
            />
            <polyline
              points="16 7 22 7 22 13"
            />
          </svg>
        </span>
      </div>
      <div>
        <p
          class="text-purple-300 text-xs"
        >
          Monedas
        </p>
        <p
          class="text-lg font-bold text-white"
        >
          6
        </p>
      </div>
    </div>
  </div>
</div>
`;

exports[`StatsBar Snapshot Tests > matches snapshot with empty history 1`] = `
<div
  class="grid grid-cols-2 md:grid-cols-4 gap-3 mb-6"
>
  <div
    class="bg-gradient-to-r from-yellow-500/20 to-orange-500/20 border border-yellow-500/30 rounded-xl p-4 backdrop-blur-sm"
  >
    <div
      class="flex items-center gap-3"
    >
      <div
        class="w-10 h-10 bg-yellow-500/20 rounded-lg flex items-center justify-center"
      >
        <span
          class="text-yellow-400"
        >
          <svg
            class="lucide lucide-wallet w-5 h-5"
            fill="none"
            height="24"
            stroke="currentColor"
            stroke-linecap="round"
            stroke-linejoin="round"
            stroke-width="2"
            viewBox="0 0 24 24"
            width="24"
            xmlns="http://www.w3.org/2000/svg"
          >
            <path
              d="M19 7V4a1 1 0 0 0-1-1H5a2 2 0 0 0 0 4h15a1 1 0 0 1 1 1v4h-3a2 2 0 0 0 0 4h3a1 1 0 0 0 1-1v-2a1 1 0 0 0-1-1"
            />
            <path
              d="M3 5v14a2 2 0 0 0 2 2h15a1 1 0 0 0 1-1v-4"
            />
          </svg>
        </span>
      </div>
      <div>
        <p
          class="text-purple-300 text-xs"
        >
          Total Reclamado
        </p>
        <p
          class="text-lg font-bold text-white"
        >
          0.00023045 BTC
        </p>
      </div>
    </div>
  </div>
  <div
    class="bg-gradient-to-r from-green-500/20 to-emerald-500/20 border border-green-500/30 rounded-xl p-4 backdrop-blur-sm"
  >
    <div
      class="flex items-center gap-3"
    >
      <div
        class="w-10 h-10 bg-green-500/20 rounded-lg flex items-center justify-center"
      >
        <span
          class="text-green-400"
        >
          <svg
            class="lucide lucide-activity w-5 h-5"
            fill="none"
            height="24"
            stroke="currentColor"
            stroke-linecap="round"
            stroke-linejoin="round"
            stroke-width="2"
            viewBox="0 0 24 24"
            width="24"
            xmlns="http://www.w3.org/2000/svg"
          >
            <path
              d="M22 12h-2.48a2 2 0 0 0-1.93 1.46l-2.35 8.36a.25.25 0 0 1-.48 0L9.24 2.18a.25.25 0 0 0-.48 0l-2.35 8.36A2 2 0 0 1 4.49 12H2"
            />
          </svg>
        </span>
      </div>
      <div>
        <p
          class="text-purple-300 text-xs"
        >
          Claims Hoy
        </p>
        <p
          class="text-lg font-bold text-white"
        >
          0
        </p>
      </div>
    </div>
  </div>
  <div
    class="bg-gradient-to-r from-purple-500/20 to-pink-500/20 border border-purple-500/30 rounded-xl p-4 backdrop-blur-sm"
  >
    <div
      class="flex items-center gap-3"
    >
      <div
        class="w-10 h-10 bg-purple-500/20 rounded-lg flex items-center justify-center"
      >
        <span
          class="text-purple-400"
        >
          <svg
            class="lucide lucide-zap w-5 h-5"
            fill="none"
            height="24"
            stroke="currentColor"
            stroke-linecap="round"
            stroke-linejoin="round"
            stroke-width="2"
            viewBox="0 0 24 24"
            width="24"
            xmlns="http://www.w3.org/2000/svg"
          >
            <path
              d="M4 14a1 1 0 0 1-.78-1.63l9.9-10.2a.5.5 0 0 1 .86.46l-1.92 6.02A1 1 0 0 0 13 10h7a1 1 0 0 1 .78 1.63l-9.9 10.2a.5.5 0 0 1-.86-.46l1.92-6.02A1 1 0 0 0 11 14z"
            />
          </svg>
        </span>
      </div>
      <div>
        <p
          class="text-purple-300 text-xs"
        >
          Faucets Activos
        </p>
        <p
          class="text-lg font-bold text-white"
        >
          2
        </p>
      </div>
    </div>
  </div>
  <div
    class="bg-gradient-to-r from-blue-500/20 to-cyan-500/20 border border-blue-500/30 rounded-xl p-4 backdrop-blur-sm"
  >
    <div
      class="flex items-center gap-3"
    >
      <div
        class="w-10 h-10 bg-blue-500/20 rounded-lg flex items-center justify-center"
      >
        <span
          class="text-blue-400"
        >
          <svg
            class="lucide lucide-trending-up w-5 h-5"
            fill="none"
            height="24"
            stroke="currentColor"
            stroke-linecap="round"
            stroke-linejoin="round"
            stroke-width="2"
            viewBox="0 0 24 24"
            width="24"
            xmlns="http://www.w3.org/2000/svg"
          >
            <polyline
              points="22 7 13.5 15.5 8.5 10.5 2 17"
            />
            <polyline
              points="16 7 22 7 22 13"
            />
          </svg>
        </span>
      </div>
      <div>
        <p
          class="text-purple-300 text-xs"
        >
          Monedas
        </p>
        <p
          class="text-lg font-bold text-white"
        >
          6
        </p>
      </div>
    </div>
  </div>
</div>
`;
